White Plains,,,,,
Name,Condition,Sex,Breed,Color,Id Number
Duke,Altered,Male,Great Dane,Black,0123456789123456
Rico,Intact,Male,Chihuahua,Grey/Bluemerle,0123456789123456
Lucky,Altered,Male,Boston Terrier,Red and white,0123456789123456
